test_wildcard.c

test_wildcard.c

test_wildcard.c

test_wildcard.c

test_wildcard.c

